--2026-03-17 10:36:56--  https://zenodo.org/records/15733378/files/ecoli_and_lambda.tar
Resolving zenodo.org (zenodo.org)... 188.185.48.75, 188.184.98.114, 188.184.103.118, ...
Connecting to zenodo.org (zenodo.org)|188.185.48.75|:443... connected.
HTTP request sent, awaiting response... 200 OK
Length: 8632320 (8.2M) [application/octet-stream]
Saving to: ‘ecoli_and_lambda.tar’

     0K .......... .......... .......... .......... ..........  0%  257K 33s
    50K .......... .......... .......... .......... ..........  1% 1.41M 19s
   100K .......... .......... .......... .......... ..........  1%  817K 16s
   150K .......... .......... .......... .......... ..........  2%  104M 12s
   200K .......... .......... .......... .......... ..........  2% 1.43M 11s
   250K .......... .......... .......... .......... ..........  3%  818K 10s
   300K .......... .......... .......... .......... ..........  4%  120M 9s
   350K .......... .......... .......... .......... ..........  4%  113M 8s
   400K .......... .......... .......... .......... ..........  5% 1.46M 7s
   450K .......... .......... .......... .......... ..........  5%  108M 7s
   500K .......... .......... .......... .......... ..........  6%  865K 7s
   550K .......... .......... .......... .......... ..........  7% 16.7M 6s
   600K .......... .......... .......... .......... ..........  7%  129M 6s
   650K .......... .......... .......... .......... ..........  8% 91.1M 5s
   700K .......... .......... .......... .......... ..........  8%  132M 5s
   750K .......... .......... .......... .......... ..........  9%  113M 5s
   800K .......... .......... .......... .......... .......... 10%  106M 4s
   850K .......... .......... .......... .......... .......... 10% 1.51M 4s
   900K .......... .......... .......... .......... .......... 11%  151M 4s
   950K .......... .......... .......... .......... .......... 11%  114M 4s
  1000K .......... .......... .......... .......... .......... 12%  103M 4s
  1050K .......... .......... .......... .......... .......... 13%  878K 4s
  1100K .......... .......... .......... .......... .......... 13% 19.5M 4s
  1150K .......... .......... .......... .......... .......... 14% 81.6M 3s
  1200K .......... .......... .......... .......... .......... 14%  109M 3s
  1250K .......... .......... .......... .......... .......... 15%  113M 3s
  1300K .......... .......... .......... .......... .......... 16%  114M 3s
  1350K .......... .......... .......... .......... .......... 16%  132M 3s
  1400K .......... .......... .......... .......... .......... 17% 91.4M 3s
  1450K .......... .......... .......... .......... .......... 17%  113M 3s
  1500K .......... .......... .......... .......... .......... 18%  113M 3s
  1550K .......... .......... .......... .......... .......... 18%  107M 2s
  1600K .......... .......... .......... .......... .......... 19%  107M 2s
  1650K .......... .......... .......... .......... .......... 20%  146M 2s
  1700K .......... .......... .......... .......... .......... 20%  113M 2s
  1750K .......... .......... .......... .......... .......... 21% 1.66M 2s
  1800K .......... .......... .......... .......... .......... 21% 88.9M 2s
  1850K .......... .......... .......... .......... .......... 22%  139M 2s
  1900K .......... .......... .......... .......... .......... 23%  113M 2s
  1950K .......... .......... .......... .......... .......... 23%  104M 2s
  2000K .......... .......... .......... .......... .......... 24%  118M 2s
  2050K .......... .......... .......... .......... .......... 24%  114M 2s
  2100K .......... .......... .......... .......... .......... 25%  908K 2s
  2150K .......... .......... .......... .......... .......... 26% 76.2M 2s
  2200K .......... .......... .......... .......... .......... 26%  113M 2s
  2250K .......... .......... .......... .......... .......... 27% 26.1M 2s
  2300K .......... .......... .......... .......... .......... 27% 72.4M 2s
  2350K .......... .......... .......... .......... .......... 28%  113M 2s
  2400K .......... .......... .......... .......... .......... 29%  133M 2s
  2450K .......... .......... .......... .......... .......... 29%  114M 2s
  2500K .......... .......... .......... .......... .......... 30%  114M 2s
  2550K .......... .......... .......... .......... .......... 30% 91.0M 2s
  2600K .......... .......... .......... .......... .......... 31%  113M 1s
  2650K .......... .......... .......... .......... .......... 32%  114M 1s
  2700K .......... .......... .......... .......... .......... 32%  132M 1s
  2750K .......... .......... .......... .......... .......... 33%  109M 1s
  2800K .......... .......... .......... .......... .......... 33%  113M 1s
  2850K .......... .......... .......... .......... .......... 34%  114M 1s
  2900K .......... .......... .......... .......... .......... 34%  111M 1s
  2950K .......... .......... .......... .......... .......... 35% 92.0M 1s
  3000K .......... .......... .......... .......... .......... 36%  132M 1s
  3050K .......... .......... .......... .......... .......... 36%  109M 1s
  3100K .......... .......... .......... .......... .......... 37%  118M 1s
  3150K .......... .......... .......... .......... .......... 37% 99.6M 1s
  3200K .......... .......... .......... .......... .......... 38%  114M 1s
  3250K .......... .......... .......... .......... .......... 39%  146M 1s
  3300K .......... .......... .......... .......... .......... 39% 91.4M 1s
  3350K .......... .......... .......... .......... .......... 40%  114M 1s
  3400K .......... .......... .......... .......... .......... 40%  112M 1s
  3450K .......... .......... .......... .......... .......... 41%  114M 1s
  3500K .......... .......... .......... .......... .......... 42% 2.04M 1s
  3550K .......... .......... .......... .......... .......... 42%  129M 1s
  3600K .......... .......... .......... .......... .......... 43%  114M 1s
  3650K .......... .......... .......... .......... .......... 43%  132M 1s
  3700K .......... .......... .......... .......... .......... 44% 91.4M 1s
  3750K .......... .......... .......... .......... .......... 45%  113M 1s
  3800K .......... .......... .......... .......... .......... 45%  112M 1s
  3850K .......... .......... .......... .......... .......... 46%  114M 1s
  3900K .......... .......... .......... .......... .......... 46%  127M 1s
  3950K .......... .......... .......... .......... .......... 47%  113M 1s
  4000K .......... .......... .......... .......... .......... 48%  113M 1s
  4050K .......... .......... .......... .......... .......... 48%  113M 1s
  4100K .......... .......... .......... .......... .......... 49% 91.9M 1s
  4150K .......... .......... .......... .......... .......... 49%  104M 1s
  4200K .......... .......... .......... .......... .......... 50%  148M 1s
  4250K .......... .......... .......... .......... .......... 51%  109M 1s
  4300K .......... .......... .......... .......... .......... 51%  961K 1s
  4350K .......... .......... .......... .......... .......... 52%  116M 1s
  4400K .......... .......... .......... .......... .......... 52%  107M 1s
  4450K .......... .......... .......... .......... .......... 53% 95.9M 1s
  4500K .......... .......... .......... .......... .......... 53%  132M 1s
  4550K .......... .......... .......... .......... .......... 54%  107M 1s
  4600K .......... .......... .......... .......... .......... 55% 37.4M 1s
  4650K .......... .......... .......... .......... .......... 55%  114M 1s
  4700K .......... .......... .......... .......... .......... 56%  112M 1s
  4750K .......... .......... .......... .......... .......... 56%  132M 1s
  4800K .......... .......... .......... .......... .......... 57%  114M 1s
  4850K .......... .......... .......... .......... .......... 58% 91.1M 1s
  4900K .......... .......... .......... .......... .......... 58%  111M 1s
  4950K .......... .......... .......... .......... .......... 59%  116M 1s
  5000K .......... .......... .......... .......... .......... 59%  114M 1s
  5050K .......... .......... .......... .......... .......... 60%  125M 1s
  5100K .......... .......... .......... .......... .......... 61%  113M 0s
  5150K .......... .......... .......... .......... .......... 61%  107M 0s
  5200K .......... .......... .......... .......... .......... 62% 95.8M 0s
  5250K .......... .......... .......... .......... .......... 62%  114M 0s
  5300K .......... .......... .......... .......... .......... 63%  113M 0s
  5350K .......... .......... .......... .......... .......... 64%  118M 0s
  5400K .......... .......... .......... .......... .......... 64%  120M 0s
  5450K .......... .......... .......... .......... .......... 65%  106M 0s
  5500K .......... .......... .......... .......... .......... 65%  123M 0s
  5550K .......... .......... .......... .......... .......... 66%  131M 0s
  5600K .......... .......... .......... .......... .......... 67% 82.3M 0s
  5650K .......... .......... .......... .......... .......... 67%  132M 0s
  5700K .......... .......... .......... .......... .......... 68%  113M 0s
  5750K .......... .......... .......... .......... .......... 68%  113M 0s
  5800K .......... .......... .......... .......... .......... 69%  100M 0s
  5850K .......... .......... .......... .......... .......... 69%  148M 0s
  5900K .......... .......... .......... .......... .......... 70%  113M 0s
  5950K .......... .......... .......... .......... .......... 71%  114M 0s
  6000K .......... .......... .......... .......... .......... 71%  515K 0s
  6050K .......... .......... .......... .......... .......... 72%  152M 0s
  6100K .......... .......... .......... .......... .......... 72%  236M 0s
  6150K .......... .......... .......... .......... .......... 73%  318M 0s
  6200K .......... .......... .......... .......... .......... 74%  275M 0s
  6250K .......... .......... .......... .......... .......... 74%  168M 0s
  6300K .......... .......... .......... .......... .......... 75%  307M 0s
  6350K .......... .......... .......... .......... .......... 75%  105M 0s
  6400K .......... .......... .......... .......... .......... 76%  304M 0s
  6450K .......... .......... .......... .......... .......... 77%  298M 0s
  6500K .......... .......... .......... .......... .......... 77%  306M 0s
  6550K .......... .......... .......... .......... .......... 78%  274M 0s
  6600K .......... .......... .......... .......... .......... 78%  299M 0s
  6650K .......... .......... .......... .......... .......... 79%  320M 0s
  6700K .......... .......... .......... .......... .......... 80%  311M 0s
  6750K .......... .......... .......... .......... .......... 80%  260M 0s
  6800K .......... .......... .......... .......... .......... 81%  313M 0s
  6850K .......... .......... .......... .......... .......... 81%  295M 0s
  6900K .......... .......... .......... .......... .......... 82%  298M 0s
  6950K .......... .......... .......... .......... .......... 83%  289M 0s
  7000K .......... .......... .......... .......... .......... 83%  317M 0s
  7050K .......... .......... .......... .......... .......... 84%  321M 0s
  7100K .......... .......... .......... .......... .......... 84%  313M 0s
  7150K .......... .......... .......... .......... .......... 85%  253M 0s
  7200K .......... .......... .......... .......... .......... 86%  325M 0s
  7250K .......... .......... .......... .......... .......... 86%  313M 0s
  7300K .......... .......... .......... .......... .......... 87%  288M 0s
  7350K .......... .......... .......... .......... .......... 87%  310M 0s
  7400K .......... .......... .......... .......... .......... 88%  296M 0s
  7450K .......... .......... .......... .......... .......... 88%  313M 0s
  7500K .......... .......... .......... .......... .......... 89%  256M 0s
  7550K .......... .......... .......... .......... .......... 90%  322M 0s
  7600K .......... .......... .......... .......... .......... 90%  305M 0s
  7650K .......... .......... .......... .......... .......... 91%  309M 0s
  7700K .......... .......... .......... .......... .......... 91%  288M 0s
  7750K .......... .......... .......... .......... .......... 92%  304M 0s
  7800K .......... .......... .......... .......... .......... 93%  318M 0s
  7850K .......... .......... .......... .......... .......... 93%  316M 0s
  7900K .......... .......... .......... .......... .......... 94%  264M 0s
  7950K .......... .......... .......... .......... .......... 94%  323M 0s
  8000K .......... .......... .......... .......... .......... 95%  329M 0s
  8050K .......... .......... .......... .......... .......... 96%  301M 0s
  8100K .......... .......... .......... .......... .......... 96%  283M 0s
  8150K .......... .......... .......... .......... .......... 97%  325M 0s
  8200K .......... .......... .......... .......... .......... 97%  323M 0s
  8250K .......... .......... .......... .......... .......... 98%  322M 0s
  8300K .......... .......... .......... .......... .......... 99%  268M 0s
  8350K .......... .......... .......... .......... .......... 99%  306M 0s
  8400K .......... .......... ..........                      100%  312M=0.9s

2026-03-17 10:36:57 (9.29 MB/s) - ‘ecoli_and_lambda.tar’ saved [8632320/8632320]

java -ea  --add-modules jdk.incubator.vector -Xmx109690m -Xms109690m -cp /sciclone/home/vkalithkar/.conda/envs/bbmap-env/opt/bbmap-39.79-0/bbtools.jar align2.BBMap build=1 overwrite=true fastareadlen=500 ref=ecoli_bl21de3.fasta in=lambda_reads.fastq out=mapping.sam nodisk=t ambiguous=best minid=0.9 threads=2
WARNING: Using incubator modules: jdk.incubator.vector
Executing align2.BBMap [build=1, overwrite=true, fastareadlen=500, ref=ecoli_bl21de3.fasta, in=lambda_reads.fastq, out=mapping.sam, nodisk=t, ambiguous=best, minid=0.9, threads=2]
Version 39.79

Set threads to 2
Retaining first best site only for ambiguous mappings.
Set MINIMUM_ALIGNMENT_SCORE_RATIO to 0.816
Executing dna.FastaToChromArrays2 [ecoli_bl21de3.fasta, 1, writeinthread=false, genscaffoldinfo=true, retain, waitforwriting=false, gz=true, maxlen=536670912, writechroms=false, minscaf=1, midpad=300, startpad=8000, stoppad=8000, nodisk=true]

Set genScaffoldInfo=true
Set genome to 1

Loaded Reference:	0.002 seconds.
Loading index for chunk 1-1, build 1
Indexing threads started for block 0-1
Indexing threads finished for block 0-1
Generated Index:	0.527 seconds.
Analyzed Index:   	2.602 seconds.
Started output stream:	0.031 seconds.
Cleared Memory:    	0.158 seconds.
Processing reads in single-ended mode.
Started read stream.
Started 2 mapping threads.
Detecting finished threads: 0, 1

   ------------------   Results   ------------------   

Genome:                	1
Key Length:            	13
Max Indel:             	16000
Minimum Score Ratio:  	0.8162
Mapping Mode:         	normal
Reads Used:           	10000	(1502980 bases)

Mapping:          	1.504 seconds.
Reads/sec:       	6649.96
kBases/sec:      	999.48


Read 1 data:      	pct reads	num reads 	pct bases	   num bases

mapped:          	 73.9100% 	     7391 	 73.8730% 	     1110296
unambiguous:     	 73.3400% 	     7334 	 73.3881% 	     1103008
ambiguous:       	  0.5700% 	       57 	  0.4849% 	        7288
low-Q discards:  	  0.0000% 	        0 	  0.0000% 	           0

perfect best site:	 47.8200% 	     4782 	 46.8839% 	      704656
semiperfect site:	 47.8200% 	     4782 	 46.8839% 	      704656

Match Rate:      	      NA 	       NA 	 89.9328% 	     1106747
Error Rate:      	 34.4923% 	     2609 	 10.0672% 	      123891
Sub Rate:        	 33.7520% 	     2553 	  0.2853% 	        3511
Del Rate:        	  0.8461% 	       64 	  9.7788% 	      120342
Ins Rate:        	  0.4627% 	       35 	  0.0031% 	          38
N Rate:          	  0.0000% 	        0 	  0.0000% 	           0

Total time:     	5.128 seconds.
